

times in msec
 clock   self+sourced   self:  sourced script
 clock   elapsed:              other lines

000.006  000.006: --- NVIM STARTING ---
000.130  000.124: event init
000.565  000.434: early init
001.194  000.630: locale set
001.249  000.054: init first window
014.488  013.239: inits 1
014.510  000.023: window checked
014.514  000.003: parsing arguments
015.058  000.094  000.094: require('vim.shared')
015.229  000.081  000.081: require('vim._meta')
015.230  000.169  000.088: require('vim._editor')
015.232  000.308  000.046: require('vim._init_packages')
015.235  000.412: init lua interpreter
015.580  000.346: expanding arguments
015.628  000.048: inits 2
015.946  000.318: init highlight
015.947  000.001: waiting for UI
019.032  003.085: done waiting for UI
019.048  000.016: init screen for UI
019.198  000.150: init default mappings
019.212  000.014: init default autocommands
021.869  000.067  000.067: sourcing /nix/store/sb4cjmc2pnhv2f98q11ym2vfh4gh9zcx-neovim-unwrapped-master/share/nvim/runtime/ftplugin.vim
022.017  000.032  000.032: sourcing /nix/store/sb4cjmc2pnhv2f98q11ym2vfh4gh9zcx-neovim-unwrapped-master/share/nvim/runtime/indent.vim
022.849  000.003  000.003: require('hotpot.bootstrap')
023.366  000.277  000.277: require('hotpot.index')
023.549  000.181  000.181: require('hotpot.fs')
023.724  000.165  000.165: require('hotpot.runtime')
028.902  000.178  000.178: require('hotpot.common')
028.907  006.442  005.638: require('hotpot')
029.220  000.310  000.310: require('hotpot.api.diagnostics')
031.086  000.051  000.051: require('utils.lazy-load')
032.334  000.013  000.013: require('vim.keymap')
032.473  000.197  000.184: sourcing /Users/shauryasingh/.local/share/nvim/site/pack/packer/opt/leap.nvim/plugin/init.lua
032.842  000.052  000.052: require('leap')
032.890  000.046  000.046: require('leap.user')
033.638  000.015  000.015: sourcing /Users/shauryasingh/.local/share/nvim/site/pack/packer/opt/neorg/ftdetect/norg.vim
033.645  004.227  003.866: require('packer_compiled')
033.908  000.220  000.220: require('core.keybinds')
035.619  001.709  001.709: require('core.options')
035.711  000.090  000.090: require('core.commands')
035.794  000.082  000.082: require('core.events')
035.796  002.149  000.049: require('core')
035.890  000.092  000.092: require('utils.statusline')
039.171  000.210  000.210: require('hotpot.searcher.module')
039.337  000.164  000.164: require('hotpot.searcher.source')
040.685  001.729  001.354: require('oxocarbon')
040.687  001.752  000.024: sourcing /Users/shauryasingh/.local/share/nvim/site/pack/packer/start/oxocarbon.nvim/colors/oxocarbon.lua
040.693  011.453  003.232: require('init')
040.694  018.280  000.075: sourcing /Users/shauryasingh/.config/nvim/init.lua
040.708  003.117: sourcing vimrc file(s)
041.049  000.194  000.194: sourcing /nix/store/sb4cjmc2pnhv2f98q11ym2vfh4gh9zcx-neovim-unwrapped-master/share/nvim/runtime/filetype.lua
041.142  000.014  000.014: sourcing /nix/store/sb4cjmc2pnhv2f98q11ym2vfh4gh9zcx-neovim-unwrapped-master/share/nvim/runtime/filetype.vim
041.403  000.069  000.069: sourcing /nix/store/sb4cjmc2pnhv2f98q11ym2vfh4gh9zcx-neovim-unwrapped-master/share/nvim/runtime/syntax/synload.vim
041.486  000.268  000.199: sourcing /nix/store/sb4cjmc2pnhv2f98q11ym2vfh4gh9zcx-neovim-unwrapped-master/share/nvim/runtime/syntax/syntax.vim
043.682  000.011  000.011: sourcing /nix/store/sb4cjmc2pnhv2f98q11ym2vfh4gh9zcx-neovim-unwrapped-master/share/nvim/runtime/plugin/gzip.vim
043.742  000.008  000.008: sourcing /nix/store/sb4cjmc2pnhv2f98q11ym2vfh4gh9zcx-neovim-unwrapped-master/share/nvim/runtime/plugin/health.vim
043.823  000.031  000.031: sourcing /nix/store/sb4cjmc2pnhv2f98q11ym2vfh4gh9zcx-neovim-unwrapped-master/share/nvim/runtime/plugin/man.vim
043.884  000.010  000.010: sourcing /nix/store/sb4cjmc2pnhv2f98q11ym2vfh4gh9zcx-neovim-unwrapped-master/share/nvim/runtime/plugin/matchit.vim
043.944  000.010  000.010: sourcing /nix/store/sb4cjmc2pnhv2f98q11ym2vfh4gh9zcx-neovim-unwrapped-master/share/nvim/runtime/plugin/matchparen.vim
044.008  000.013  000.013: sourcing /nix/store/sb4cjmc2pnhv2f98q11ym2vfh4gh9zcx-neovim-unwrapped-master/share/nvim/runtime/plugin/netrwPlugin.vim
044.276  000.007  000.007: sourcing /Users/shauryasingh/.local/share/nvim/rplugin.vim
044.281  000.176  000.169: sourcing /nix/store/sb4cjmc2pnhv2f98q11ym2vfh4gh9zcx-neovim-unwrapped-master/share/nvim/runtime/plugin/rplugin.vim
044.377  000.045  000.045: sourcing /nix/store/sb4cjmc2pnhv2f98q11ym2vfh4gh9zcx-neovim-unwrapped-master/share/nvim/runtime/plugin/shada.vim
044.446  000.016  000.016: sourcing /nix/store/sb4cjmc2pnhv2f98q11ym2vfh4gh9zcx-neovim-unwrapped-master/share/nvim/runtime/plugin/spellfile.vim
044.513  000.012  000.012: sourcing /nix/store/sb4cjmc2pnhv2f98q11ym2vfh4gh9zcx-neovim-unwrapped-master/share/nvim/runtime/plugin/tarPlugin.vim
044.574  000.010  000.010: sourcing /nix/store/sb4cjmc2pnhv2f98q11ym2vfh4gh9zcx-neovim-unwrapped-master/share/nvim/runtime/plugin/tohtml.vim
044.653  000.028  000.028: sourcing /nix/store/sb4cjmc2pnhv2f98q11ym2vfh4gh9zcx-neovim-unwrapped-master/share/nvim/runtime/plugin/tutor.vim
044.717  000.013  000.013: sourcing /nix/store/sb4cjmc2pnhv2f98q11ym2vfh4gh9zcx-neovim-unwrapped-master/share/nvim/runtime/plugin/zipPlugin.vim
045.211  000.113  000.113: sourcing /Users/shauryasingh/.local/share/nvim/site/pack/packer/opt/leap.nvim/plugin/init.lua
045.810  004.129: loading rtp plugins
046.167  000.040  000.040: sourcing /Users/shauryasingh/.local/share/nvim/site/pack/packer/start/hotpot.nvim/plugin/hotpot.vim
046.856  001.007: loading packages
048.501  001.645: loading after plugins
048.509  000.007: inits 3
051.047  002.539: reading ShaDa
051.120  000.072: opening buffers
051.121  000.001: BufEnter autocommands
051.122  000.001: editing files in windows
051.141  000.019: VimEnter autocommands
051.142  000.001: UIEnter autocommands
051.388  000.136  000.136: sourcing /nix/store/sb4cjmc2pnhv2f98q11ym2vfh4gh9zcx-neovim-unwrapped-master/share/nvim/runtime/autoload/provider/clipboard.vim
051.392  000.113: before starting main loop
051.585  000.194: first screen update
051.586  000.001: --- NVIM STARTED ---


times in msec
 clock   self+sourced   self:  sourced script
 clock   elapsed:              other lines

000.007  000.007: --- NVIM STARTING ---
000.133  000.126: event init
000.550  000.417: early init
001.103  000.553: locale set
001.152  000.049: init first window
014.829  013.677: inits 1
014.848  000.020: window checked
014.851  000.003: parsing arguments
015.365  000.077  000.077: require('vim.shared')
015.521  000.061  000.061: require('vim._meta')
015.523  000.154  000.093: require('vim._editor')
015.525  000.279  000.047: require('vim._init_packages')
015.527  000.398: init lua interpreter
015.884  000.357: expanding arguments
015.925  000.040: inits 2
016.227  000.303: init highlight
016.229  000.001: waiting for UI
019.268  003.040: done waiting for UI
019.283  000.014: init screen for UI
019.441  000.159: init default mappings
019.454  000.012: init default autocommands
021.983  000.063  000.063: sourcing /nix/store/sb4cjmc2pnhv2f98q11ym2vfh4gh9zcx-neovim-unwrapped-master/share/nvim/runtime/ftplugin.vim
022.132  000.036  000.036: sourcing /nix/store/sb4cjmc2pnhv2f98q11ym2vfh4gh9zcx-neovim-unwrapped-master/share/nvim/runtime/indent.vim
022.975  000.003  000.003: require('hotpot.bootstrap')
023.515  000.289  000.289: require('hotpot.index')
023.708  000.191  000.191: require('hotpot.fs')
023.900  000.175  000.175: require('hotpot.runtime')
029.432  000.186  000.186: require('hotpot.common')
029.442  006.832  005.988: require('hotpot')
029.751  000.305  000.305: require('hotpot.api.diagnostics')
031.344  000.044  000.044: require('utils.lazy-load')
032.412  000.010  000.010: require('vim.keymap')
032.568  000.203  000.193: sourcing /Users/shauryasingh/.local/share/nvim/site/pack/packer/opt/leap.nvim/plugin/init.lua
032.921  000.043  000.043: require('leap')
032.958  000.036  000.036: require('leap.user')
033.449  000.010  000.010: sourcing /Users/shauryasingh/.local/share/nvim/site/pack/packer/opt/neorg/ftdetect/norg.vim
033.455  003.488  003.152: require('packer_compiled')
033.683  000.192  000.192: require('core.keybinds')
035.179  001.494  001.494: require('core.options')
035.271  000.090  000.090: require('core.commands')
035.358  000.086  000.086: require('core.events')
035.359  001.903  000.041: require('core')
035.422  000.062  000.062: require('utils.statusline')
038.820  000.212  000.212: require('hotpot.searcher.module')
039.012  000.190  000.190: require('hotpot.searcher.source')
040.418  001.812  001.411: require('oxocarbon')
040.421  001.836  000.024: sourcing /Users/shauryasingh/.local/share/nvim/site/pack/packer/start/oxocarbon.nvim/colors/oxocarbon.lua
040.426  010.652  003.363: require('init')
040.427  017.854  000.066: sourcing /Users/shauryasingh/.config/nvim/init.lua
040.436  003.028: sourcing vimrc file(s)
040.745  000.176  000.176: sourcing /nix/store/sb4cjmc2pnhv2f98q11ym2vfh4gh9zcx-neovim-unwrapped-master/share/nvim/runtime/filetype.lua
040.824  000.012  000.012: sourcing /nix/store/sb4cjmc2pnhv2f98q11ym2vfh4gh9zcx-neovim-unwrapped-master/share/nvim/runtime/filetype.vim
041.072  000.064  000.064: sourcing /nix/store/sb4cjmc2pnhv2f98q11ym2vfh4gh9zcx-neovim-unwrapped-master/share/nvim/runtime/syntax/synload.vim
041.135  000.236  000.171: sourcing /nix/store/sb4cjmc2pnhv2f98q11ym2vfh4gh9zcx-neovim-unwrapped-master/share/nvim/runtime/syntax/syntax.vim
043.218  000.011  000.011: sourcing /nix/store/sb4cjmc2pnhv2f98q11ym2vfh4gh9zcx-neovim-unwrapped-master/share/nvim/runtime/plugin/gzip.vim
043.278  000.008  000.008: sourcing /nix/store/sb4cjmc2pnhv2f98q11ym2vfh4gh9zcx-neovim-unwrapped-master/share/nvim/runtime/plugin/health.vim
043.354  000.025  000.025: sourcing /nix/store/sb4cjmc2pnhv2f98q11ym2vfh4gh9zcx-neovim-unwrapped-master/share/nvim/runtime/plugin/man.vim
043.414  000.010  000.010: sourcing /nix/store/sb4cjmc2pnhv2f98q11ym2vfh4gh9zcx-neovim-unwrapped-master/share/nvim/runtime/plugin/matchit.vim
043.473  000.010  000.010: sourcing /nix/store/sb4cjmc2pnhv2f98q11ym2vfh4gh9zcx-neovim-unwrapped-master/share/nvim/runtime/plugin/matchparen.vim
043.536  000.013  000.013: sourcing /nix/store/sb4cjmc2pnhv2f98q11ym2vfh4gh9zcx-neovim-unwrapped-master/share/nvim/runtime/plugin/netrwPlugin.vim
043.797  000.007  000.007: sourcing /Users/shauryasingh/.local/share/nvim/rplugin.vim
043.802  000.174  000.167: sourcing /nix/store/sb4cjmc2pnhv2f98q11ym2vfh4gh9zcx-neovim-unwrapped-master/share/nvim/runtime/plugin/rplugin.vim
043.902  000.050  000.050: sourcing /nix/store/sb4cjmc2pnhv2f98q11ym2vfh4gh9zcx-neovim-unwrapped-master/share/nvim/runtime/plugin/shada.vim
043.975  000.018  000.018: sourcing /nix/store/sb4cjmc2pnhv2f98q11ym2vfh4gh9zcx-neovim-unwrapped-master/share/nvim/runtime/plugin/spellfile.vim
044.039  000.012  000.012: sourcing /nix/store/sb4cjmc2pnhv2f98q11ym2vfh4gh9zcx-neovim-unwrapped-master/share/nvim/runtime/plugin/tarPlugin.vim
044.100  000.010  000.010: sourcing /nix/store/sb4cjmc2pnhv2f98q11ym2vfh4gh9zcx-neovim-unwrapped-master/share/nvim/runtime/plugin/tohtml.vim
044.183  000.029  000.029: sourcing /nix/store/sb4cjmc2pnhv2f98q11ym2vfh4gh9zcx-neovim-unwrapped-master/share/nvim/runtime/plugin/tutor.vim
044.246  000.013  000.013: sourcing /nix/store/sb4cjmc2pnhv2f98q11ym2vfh4gh9zcx-neovim-unwrapped-master/share/nvim/runtime/plugin/zipPlugin.vim
044.986  000.323  000.323: sourcing /Users/shauryasingh/.local/share/nvim/site/pack/packer/opt/leap.nvim/plugin/init.lua
045.587  004.020: loading rtp plugins
045.945  000.040  000.040: sourcing /Users/shauryasingh/.local/share/nvim/site/pack/packer/start/hotpot.nvim/plugin/hotpot.vim
046.627  001.000: loading packages
048.244  001.617: loading after plugins
048.251  000.007: inits 3
050.746  002.495: reading ShaDa
050.817  000.071: opening buffers
050.818  000.001: BufEnter autocommands
050.820  000.002: editing files in windows
050.838  000.018: VimEnter autocommands
050.840  000.002: UIEnter autocommands
051.086  000.144  000.144: sourcing /nix/store/sb4cjmc2pnhv2f98q11ym2vfh4gh9zcx-neovim-unwrapped-master/share/nvim/runtime/autoload/provider/clipboard.vim
051.089  000.105: before starting main loop
051.282  000.193: first screen update
051.282  000.001: --- NVIM STARTED ---
